Loaded suite VuelingTest
Started
Finished in 14.563338 seconds.
-------------------------------------------------------------------------------
1 tests, 1 assertions, 0 failures, 0 errors, 0 pendings, 0 omissions, 0 notifications
100% passed
-------------------------------------------------------------------------------
0.07 tests/s, 0.07 assertions/s
